40 12
STD_INP 0 Elso input
STD_INP 1 Masodik input
PRINT 0 A
PRINT 1 B
XOR 0 1 2
PRINT 2 XOR
OR 0 1 3
PRINT 3 OR
AND 0 1 4
PRINT 4 AND
NOT 0 5
PRINT 5 NOT_A
